../Core/Src/main.c:83:6:lcd_init	8	static
../Core/Src/main.c:98:6:i2c_transmit_command	32	static
../Core/Src/main.c:117:6:t_i2c_transmit_command	32	static
../Core/Src/main.c:141:6:t_i2c_transmit_data	32	static
../Core/Src/main.c:166:6:i2c_transmit_data	32	static
../Core/Src/main.c:192:5:main	8	static
../Core/Src/main.c:245:6:SystemClock_Config	88	static
../Core/Src/main.c:292:13:MX_I2C1_Init	8	static
../Core/Src/main.c:326:13:MX_GPIO_Init	16	static
../Core/Src/main.c:347:6:Error_Handler	4	static,ignoring_inline_asm
