../Core/Src/main.c:102:5:_write	24	static
../Core/Src/main.c:109:9:DEC2BCD	16	static
../Core/Src/main.c:113:9:BCD2DEC	16	static
../Core/Src/main.c:117:6:DS1307_SetTime	40	static
../Core/Src/main.c:127:6:DS1307_GetTime	48	static
../Core/Src/main.c:137:6:lcd_init	8	static
../Core/Src/main.c:163:6:i2c_transmit_command	32	static
../Core/Src/main.c:184:6:i2c_transmit_data	32	static
../Core/Src/main.c:204:6:LCD_Send_String	16	static
../Core/Src/main.c:227:6:microDelay	16	static
../Core/Src/main.c:233:9:DHT11_Start	32	static
../Core/Src/main.c:264:9:DHT11_Read	16	static
../Core/Src/main.c:297:5:main	24	static
../Core/Src/main.c:399:6:SystemClock_Config	88	static
../Core/Src/main.c:446:13:MX_I2C1_Init	8	static
../Core/Src/main.c:480:13:MX_TIM6_Init	16	static
../Core/Src/main.c:518:13:MX_UART5_Init	8	static
../Core/Src/main.c:551:13:MX_GPIO_Init	24	static
../Core/Src/main.c:574:6:Error_Handler	4	static,ignoring_inline_asm
