../Core/Src/main.c:74:6:DS1307_SetTime	40	static
../Core/Src/main.c:82:6:DS1307_GetTime	40	static
../Core/Src/main.c:91:6:rtc_i2c_write	24	static
../Core/Src/main.c:120:6:rtc_i2c_read	32	static
../Core/Src/main.c:142:9:read_DS1307_seconds	32	static
../Core/Src/main.c:164:5:main	8	static
../Core/Src/main.c:225:6:SystemClock_Config	88	static
../Core/Src/main.c:272:13:MX_I2C1_Init	8	static
../Core/Src/main.c:306:13:MX_GPIO_Init	40	static
../Core/Src/main.c:339:6:Error_Handler	4	static,ignoring_inline_asm
