../Core/Src/main.c:84:6:LCD_Send_Cmd	32	static
../Core/Src/main.c:118:6:LCD_Send_Data	32	static
../Core/Src/main.c:152:6:LCD_Init	8	static
../Core/Src/main.c:178:6:LCD_Send_String	16	static
../Core/Src/main.c:192:6:LCD_Clear_Then_Display	16	static
../Core/Src/main.c:205:6:LCD_Send_String_On_Line1	16	static
../Core/Src/main.c:217:6:LCD_Send_String_On_Line2	16	static
../Core/Src/main.c:229:6:LCD_Display_Long_Message	32	static
../Core/Src/main.c:269:5:main	8	static
../Core/Src/main.c:319:6:SystemClock_Config	88	static
../Core/Src/main.c:366:13:MX_I2C1_Init	8	static
../Core/Src/main.c:400:13:MX_GPIO_Init	16	static
../Core/Src/main.c:421:6:Error_Handler	4	static,ignoring_inline_asm
